// Jest Snapshot v1, https://goo.gl/fbAQLP

exports[`snapshot test 1`] = `
<div>
  <label>
    Counter:
  </label>
  <p
    data-testid="counter"
  >
    0
  </p>
  <div>
    <button
      onClick={[Function]}
    >
      +
    </button>
    <button
      onClick={[Function]}
    >
      -
    </button>
  </div>
</div>
`;
